[serial] opened /dev/serial/by-id/usb-FTDI_FT232R_USB_UART_A50285BI-if00-port0 at 115200 baud, 8N1, XON/XOFF
[serial] press Ctrl+C to stop monitoring


~ # printf '__MFW_SHELL_READY__\n'
__MFW_SHELL_READY__
~ # 
[serial] launching: fw_update_tftp --server 192.168.1.189 --port 1069 --file ms42p-postmerkos-webui-20260615-052954.bin --overlay reset --force --yes 

fw_update_tftp --server 192.168.1.189 --port 1069 --file ms42p-postmerkos-we
bui-20260615-052954.bin --overlay reset --force --yes ; rc=$?; echo __MFW_RC__:$
rc
FWUPDATE|downloading|firmware|8|Downloading ms42p-postmerkos-webui-20260615-052954.bin by TFTP
[ 1566.544000] chatter: uplink_v6conf_client :: UplinkV6ConfClient got bad advert ::/:: gw:::
FWUPDATE|downloading|checksum|12|Downloading ms42p-postmerkos-webui-20260615-052954.bin.sha256 by TFTP
FWUPDATE|validating|checksum|5|Validating checksum
FWUPDATE|validating|platform|10|Checking board and MTD layout
FWUPDATE|validating|image|15|Validating firmware structure
[ 1651.829000] chatter: uplink_v6conf_client :: UplinkV6ConfClient got advert with no prefix gw:fe80::210:18ff:fe64:9bb2
FWUPDATE|ready|confirm|30|Firmware is validated and ready to install

Firmware: /tmp/fwupdate-tftp.2429/ms42p-postmerkos-webui-20260615-052954.bin
SHA-256: 7b4bd12e82204bf2cd0fc56089a8e1dfca2f0c873a6f7ec400bab3c7a0569c09
Input type: full
Overlay policy: reset
Current version: 20260615
New version: unknown

The switch will stop network services and reboot after flashing.
Loss of power while the SquashFS partition is being written can require hardware recovery.

FWUPDATE|preparing|quiesce|35|Stopping services and unmounting the writable overlay

~ # [ 1771.569000] chatter: uplink_v6conf_client :: UplinkV6ConfClient got bad advert ::/:: gw:::
[ 1815.048000] chatter: uplink_v6conf_client :: UplinkV6ConfClient got bad advert ::/:: gw:::
[ 2025.652000] chatter: uplink_v6conf_client :: UplinkV6ConfClient got advert with no prefix gw:fe80::210:18ff:fe64:9bb2
[ 2050.269000] reboot: Restarting system
LinuxLoader built Nov 12 2020 18:01:50
init_pll ok
init_spi ok
init_memctl ok
wait_memctl ok
Training DRAM ok
init_irq ok
init_dram_uncached ok
init_icache ok
init_dcache ok
enable_caches ok
init_pi ok
init_board ok
Low level initialization complete, exiting boot mode
[    0.000000] Linux version 3.18.123-meraki-elemental (gadorach@Latitude-E5570) (gcc version 5.4.0 (GCC) ) #1 Mon Jun 15 01:21:08 ADT 2026
[    0.000000] Cleared TLB
[    0.000000] c0_wired=00000000
[    0.000000] bootconsole [early0] enabled
[    0.000000] CPU0 revision is: 01019654 (MIPS 24KEc)
[    0.000000] Determined physical RAM map:
[    0.000000]  memory: 00477000 @ 00100000 (usable)
[    0.000000]  memory: 00049000 @ 00577000 (usable after init)
[    0.000000] User-defined physical RAM map:
[    0.000000]  memory: 07ff0000 @ 00000000 (usable)
[    0.000000] Zone ranges:
[    0.000000]   Normal   [mem 0x00000000-0x07feffff]
[    0.000000] Movable zone start for each node
[    0.000000] Early memory node ranges
[    0.000000]   node   0: [mem 0x00000000-0x07feffff]
[    0.000000] Initmem setup node 0 [mem 0x00000000-0x07feffff]
[    0.000000] Reserving 0MB of memory at 0MB for crashkernel
[    0.000000] Primary instruction cache 32kB, VIPT, 4-way, linesize 32 bytes.
[    0.000000] Primary data cache 32kB, 4-way, VIPT, cache aliases, linesize 32 bytes
[    0.000000] Built 1 zonelists in Zone order, mobility grouping on.  Total pages: 32496
[    0.000000] Kernel command line: console=ttyS0,115200 mtdparts=m25p80:0x40000(redboot),0x2c0000(kernel),0x800000(squashfs),0x500000(config) root=/dev/mtdblock3 ubi.mtd=gen_nand.0 mem=134152192
[    0.000000] PID hash table entries: 512 (order: -1, 2048 bytes)
[    0.000000] Dentry cache hash table entries: 16384 (order: 4, 65536 bytes)
[    0.000000] Inode-cache hash table entries: 8192 (order: 3, 32768 bytes)
[    0.000000] Writing ErrCtl register=80000444
[    0.000000] Readback ErrCtl register=80000444
[    0.000000] Cache parity protection enabled
[    0.000000] Memory: 123832K/131008K available (3634K kernel code, 186K rwdata, 740K rodata, 292K init, 119K bss, 7176K reserved, 0K cma-reserved)
[    0.000000] SLUB: HWalign=32, Order=0-3, MinObjects=0, CPUs=1, Nodes=1
[    0.000000] NR_IRQS:66
[    0.000000] sched_clock: 32 bits at 1kHz, resolution 1000000ns, wraps every 2147483648000000ns
[    0.002000] VCore-III slave device ID 7460 found
[    0.003000] Calibrating delay loop... 275.45 BogoMIPS (lpj=137728)
[    0.014000] pid_max: default: 32768 minimum: 301
[    0.015000] Mount-cache hash table entries: 1024 (order: 0, 4096 bytes)
[    0.016000] Mountpoint-cache hash table entries: 1024 (order: 0, 4096 bytes)
[    0.019000] ftrace: allocating 11997 entries in 24 pages
[    0.047000] Performance counters: mips/24K PMU enabled, 2 32-bit counters available to each CPU, irq -1 (share with timer interrupt)
[    0.055000] devtmpfs: initialized
[    0.064000] NET: Registered protocol family 16
[    0.103000] Switched to clocksource MIPS
[    0.138000] NET: Registered protocol family 2
[    0.145000] TCP established hash table entries: 1024 (order: 0, 4096 bytes)
[    0.152000] TCP bind hash table entries: 1024 (order: 0, 4096 bytes)
[    0.159000] TCP: Hash tables configured (established 1024 bind 1024)
[    0.165000] TCP: reno registered
[    0.169000] UDP hash table entries: 256 (order: 0, 4096 bytes)
[    0.174000] UDP-Lite hash table entries: 256 (order: 0, 4096 bytes)
[    0.181000] NET: Registered protocol family 1
[    0.190000] VCORE-III Watchdog Timer enabled (30 seconds).  Prev boot was not caused by WDT reset.
[    0.223000] futex hash table entries: 256 (order: -1, 3072 bytes)
[    0.298000] squashfs: version 4.0 (2009/01/31) Phillip Lougher
[    0.304000] jffs2: version 2.2. (NAND) © 2001-2006 Red Hat, Inc.
[    0.313000] msgmni has been set to 241
[    0.337000] io scheduler noop registered
[    0.341000] io scheduler deadline registered (default)
[    0.353000] Serial: 8250/16550 driver, 1 ports, IRQ sharing disabled
[    0.363000] console [ttyS0] disabled
[    0.367000] serial8250.0: ttyS0 at MMIO 0x70100000 (irq = 14, base_baud = 13020833) is a 16550A
[    0.375000] console [ttyS0] enabled
[    0.375000] console [ttyS0] enabled
[    0.382000] bootconsole [early0] disabled
[    0.382000] bootconsole [early0] disabled
[    0.399000] nand: device found, Manufacturer ID: 0x2c, Chip ID: 0xf1
[    0.406000] nand: Micron MT29F1G08ABADAWP
[    0.410000] nand: 128MiB, SLC, page size: 2048, OOB size: 64
[    0.422000] Scanning device for bad blocks
[    0.547000] m25p80 spi0.1: found mx25l12805d, expected m25p80
[    0.553000] m25p80 spi0.1: mx25l12805d (16384 Kbytes)
[    0.558000] 4 cmdlinepart partitions found on MTD device m25p80
[    0.564000] Creating 4 MTD partitions on "m25p80":
[    0.569000] 0x000000000000-0x000000040000 : "redboot"
[    0.615000] 0x000000040000-0x000000300000 : "kernel"
[    0.632000] 0x000000300000-0x000000b00000 : "squashfs"
[    0.651000] 0x000000b00000-0x000001000000 : "config"
[    0.670000] tun: Universal TUN/TAP device driver, 1.6
[    0.676000] tun: (C) 1999-2004 Max Krasnyansky <maxk@qualcomm.com>
[    0.697000] i2c /dev entries driver
[    0.703000] TCP: cubic registered
[    0.707000] Initializing XFRM netlink socket
[    0.715000] NET: Registered protocol family 10
[    0.735000] NET: Registered protocol family 17
[    0.740000] NET: Registered protocol family 15
[    0.745000] 8021q: 802.1Q VLAN Support v1.8
[    0.758000] i2c-gpio i2c-gpio.1: using pins 15 (SDA) and 14 (SCL)
[    0.765000] at24 1-0051: 1024 byte 24c08 EEPROM, writable, 8 bytes/write
[    0.774000] meraki-config meraki-config: Meraki config device loaded
[    0.930000] meraki-config meraki-config: Failure to read from eeprom
[    0.994000] i2c-gpio i2c-gpio.2: using pins 708 (SDA) and 709 (SCL)
[    1.049000] i2c-gpio i2c-gpio.3: using pins 714 (SDA) and 715 (SCL)
[    1.106000] i2c-gpio i2c-gpio.4: using pins 720 (SDA) and 721 (SCL)
[    1.163000] i2c-gpio i2c-gpio.5: using pins 726 (SDA) and 727 (SCL)
[    1.172000] at24 2-0050: 256 byte 24c02 EEPROM, read-only, 0 bytes/write
[    1.179000] at24 3-0050: 256 byte 24c02 EEPROM, read-only, 0 bytes/write
[    1.187000] at24 4-0050: 256 byte 24c02 EEPROM, read-only, 0 bytes/write
[    1.194000] at24 5-0050: 256 byte 24c02 EEPROM, read-only, 0 bytes/write
[    1.212000] UBI: attaching mtd0 to ubi0
[    2.034000] UBI: scanning is finished
[    2.072000] UBI: attached mtd0 (name "gen_nand.0", size 128 MiB) to ubi0
[    2.079000] UBI: PEB size: 131072 bytes (128 KiB), LEB size: 129024 bytes
[    2.085000] UBI: min./max. I/O unit sizes: 2048/2048, sub-page size 512
[    2.092000] UBI: VID header offset: 512 (aligned 512), data offset: 2048
[    2.099000] UBI: good PEBs: 1024, bad PEBs: 0, corrupted PEBs: 0
[    2.105000] UBI: user volume: 7, internal volumes: 1, max. volumes count: 128
[    2.112000] UBI: max/mean erase counter: 3713/2882, WL threshold: 4096, image sequence number: 547661530
[    2.122000] UBI: available PEBs: 569, total reserved PEBs: 455, PEBs reserved for bad PEB handling: 20
[    2.131000] UBI: background thread "ubi_bgt0d" started, PID 284
[    2.204000] devtmpfs: mounted
[    2.243000] VFS: Mounted root (squashfs filesystem) readonly on device 31:3.
[    2.287000] devtmpfs: mounted
[    2.295000] Freeing unused kernel memory: 292K
Starting syslogd: OK
[    8.616000] random: nonblocking pool is initialized
Starting klogd: OK
Running sysctl: OK
[   14.902000] vtss_core: module license '(c) Vitesse Semiconductor Inc.' taints kernel.
[   14.910000] Disabling lock debugging due to kernel taint
[   15.366000] switch: 'Meraki MS42' board detected
Loaded 'jaguar_dual/vtss_core.ko board_desc=MERAKI_BOARD_MS42'
Loaded 'proclikefs.ko'
[   22.689000] click: starting router thread pid 393 (87baf600)
Loaded 'merakiclick.ko'
Loaded 'elts_meraki.ko'
Loaded 'jaguar_dual/vc_click.ko'
Using MAC address: 00:18:0a:65:a5:0f
[   55.886000] chatter: from_sw0 :: FromVitesse: initializing fdma
Switch port count: 52
net.ipv4.ip_local_reserved_ports = 50000-50127
[   57.145000] In write handler 'set_access_policies' for 'switch_auth_port_table :: SwitchAuthPortTable':
[   57.155000]   NUM: value 9 out of range, bound 8
Waiting for IP address........
Using IP address: 192.168.1.121
Generating dropbear ECDSA host key
Generating 521 bit ecdsa key, this may take a while...
Public key portion is:
ecdsa-sha2-nistp521 AAAAE2VjZHNhLXNoYTItbmlzdHA1MjEAAAAIbmlzdHA1MjEAAACFBAB0Wh2pCj5rIR7hAWJeidv+d0CdwpY7HBZcOVfuzwYG+mDPiqcZJ+PIVGyFWRWpycGcsnTDyRQ70RqeejV3XU33bwH58rg4zWMSdDYqAN8aaCCJRFZUbb5V1cE8Y2Vrszmv/1W7NiubFtxqVhJmyrdEATfLYqmIouH1TfpPaON+QDWAxg== root@m00180a65a50f
Fingerprint: SHA256:z3y/afpB5AqOtas2V+EWKifvEDGbEn9ZQsuKfnoqgf0
Set root password to: Q2DPRZFLP57X
Starting configd: OK
Starting postmerkOS web interface: OK
seedrng: can't create directory '/var/lib/seedrng': Read-only file system
Starting network: OK
Starting chrony: Could not open /etc/chrony.conf : No such file or directory
FAIL
Starting dropbear sshd: OK

[serial] reboot completed and the operating system reached its login/services stage
